// Jest Snapshot v1, https://goo.gl/fbAQLP

exports[`LanguageSetting component matches snapshots matches original component 1`] = `
<DocumentFragment>
  <div
    class="wrapper"
  >
    <section
      class="selector"
    >
      <div
        class="accordion"
      >
        <button
          class="item"
        >
          <div
            class="icons_container"
          >
            <div>
              Deutsch
            </div>
          </div>
          <div
            class="flex track"
          >
            <span
              class="indicator"
            />
          </div>
        </button>
        <div
          class="content"
        />
      </div>
      <div
        class="accordion"
      >
        <button
          class="item"
        >
          <div
            class="icons_container"
          >
            <div>
              English
            </div>
          </div>
          <div
            class="flex track"
          >
            <span
              class="indicator"
            />
          </div>
        </button>
        <div
          class="content"
        />
      </div>
      <div
        class="accordion"
      >
        <button
          class="item"
        >
          <div
            class="icons_container"
          >
            <div>
              Español
            </div>
          </div>
          <div
            class="flex track"
          >
            <span
              class="indicator"
            />
          </div>
        </button>
        <div
          class="content"
        />
      </div>
      <div
        class="accordion"
      >
        <button
          class="item"
        >
          <div
            class="icons_container"
          >
            <div>
              Français
            </div>
          </div>
          <div
            class="flex track"
          >
            <span
              class="indicator"
            />
          </div>
        </button>
        <div
          class="content"
        />
      </div>
      <div
        class="accordion"
      >
        <button
          class="item"
        >
          <div
            class="icons_container"
          >
            <div>
              Italiano
            </div>
          </div>
          <div
            class="flex track"
          >
            <span
              class="indicator"
            />
          </div>
        </button>
        <div
          class="content"
        />
      </div>
      <div
        class="accordion"
      >
        <button
          class="item"
        >
          <div
            class="icons_container"
          >
            <div>
              Polski
            </div>
          </div>
          <div
            class="flex track"
          >
            <span
              class="indicator"
            />
          </div>
        </button>
        <div
          class="content"
        />
      </div>
      <div
        class="accordion"
      >
        <button
          class="item"
        >
          <div
            class="icons_container"
          >
            <div>
              中文
            </div>
          </div>
          <div
            class="flex track"
          >
            <span
              class="indicator"
            />
          </div>
        </button>
        <div
          class="content"
        />
      </div>
    </section>
  </div>
</DocumentFragment>
`;

exports[`LanguageSetting component matches snapshots matches user augmented component 1`] = `
<DocumentFragment>
  <div
    class="wrapper"
  >
    <section
      class="selector"
    >
      <div
        class="accordion"
      >
        <button
          class="item"
        >
          <div
            class="icons_container"
          >
            <div>
              Deutsch
            </div>
          </div>
          <div
            class="flex track"
          >
            <span
              class="indicator"
            />
          </div>
        </button>
        <div
          class="content"
        />
      </div>
      <div
        class="accordion"
      >
        <button
          class="item"
        >
          <div
            class="icons_container"
          >
            <div>
              English
            </div>
          </div>
          <div
            class="flex track"
          >
            <span
              class="indicator"
            />
          </div>
        </button>
        <div
          class="content"
        />
      </div>
      <div
        class="accordion"
      >
        <button
          class="item"
        >
          <div
            class="icons_container"
          >
            <div>
              Español
            </div>
          </div>
          <div
            class="flex track"
          >
            <span
              class="indicator"
            />
          </div>
        </button>
        <div
          class="content"
        />
      </div>
      <div
        class="accordion"
      >
        <button
          class="item"
        >
          <div
            class="icons_container"
          >
            <div>
              Français
            </div>
          </div>
          <div
            class="flex track"
          >
            <span
              class="indicator"
            />
          </div>
        </button>
        <div
          class="content"
        />
      </div>
      <div
        class="accordion"
      >
        <button
          class="item"
        >
          <div
            class="icons_container"
          >
            <div>
              Italiano
            </div>
          </div>
          <div
            class="flex track"
          >
            <span
              class="indicator"
            />
          </div>
        </button>
        <div
          class="content"
        />
      </div>
      <div
        class="accordion"
      >
        <button
          class="item"
        >
          <div
            class="icons_container"
          >
            <div>
              Polski
            </div>
          </div>
          <div
            class="flex track"
          >
            <span
              class="indicator"
            />
          </div>
        </button>
        <div
          class="content"
        />
      </div>
      <div
        class="accordion"
      >
        <button
          class="item"
        >
          <div
            class="icons_container"
          >
            <div>
              中文
            </div>
          </div>
          <div
            class="flex track"
          >
            <span
              class="indicator"
            />
          </div>
        </button>
        <div
          class="content"
        />
      </div>
    </section>
  </div>
</DocumentFragment>
`;
