// Jest Snapshot v1, https://goo.gl/fbAQLP

exports[`Links component matches snapshots matches original component 1`] = `
<DocumentFragment>
  <div
    class="links"
  >
    <div
      class="tutorial"
    >
      <a
        class="link"
        href="https://docs.terra.money/learn/station/download/station-desktop.html"
        rel="noopener noreferrer"
        target="_blank"
      >
        <svg
          aria-hidden="true"
          class="MuiSvgIcon-root MuiSvgIcon-fontSizeMedium css-i4bv87-MuiSvgIcon-root"
          data-testid="DescriptionIcon"
          focusable="false"
          style="font-size: 18px;"
          viewBox="0 0 24 24"
        >
          <path
            d="M14 2H6c-1.1 0-1.99.9-1.99 2L4 20c0 1.1.89 2 1.99 2H18c1.1 0 2-.9 2-2V8l-6-6zm2 16H8v-2h8v2zm0-4H8v-2h8v2zm-3-5V3.5L18.5 9H13z"
          />
        </svg>
        Documentation
      </a>
    </div>
    <div
      class="community"
    >
      <div
        class="flex start wrapper menu"
      >
        <a
          class="icon"
          href="https://medium.com/terra-money"
          rel="noopener noreferrer"
          target="_blank"
        >
          <svg
            height="18"
            width="18"
          >
            Medium.svg
          </svg>
        </a>
        <a
          class="icon"
          href="https://terra.sc/discord"
          rel="noopener noreferrer"
          target="_blank"
        >
          <svg
            height="18"
            width="18"
          >
            Discord.svg
          </svg>
        </a>
        <a
          class="icon"
          href="https://t.me/TerraNetworkLobby"
          rel="noopener noreferrer"
          target="_blank"
        >
          <svg
            height="18"
            width="18"
          >
            Telegram.svg
          </svg>
        </a>
        <a
          class="icon"
          href="https://twitter.com/terra_money"
          rel="noopener noreferrer"
          target="_blank"
        >
          <svg
            height="18"
            width="18"
          >
            Twitter.svg
          </svg>
        </a>
        <a
          class="icon"
          href="https://github.com/terra-money"
          rel="noopener noreferrer"
          target="_blank"
        >
          <svg
            height="18"
            width="18"
          >
            Github.svg
          </svg>
        </a>
      </div>
    </div>
  </div>
</DocumentFragment>
`;
